[INFO]  2026-06-10T06:32:41Z Release script start
[INFO]  2026-06-10T06:32:41Z Mode: tag
[INFO]  2026-06-10T06:32:41Z Tag: v0.6.0-phase-6
[INFO]  2026-06-10T06:32:41Z Target commit (suggested): 139ee34
[INFO]  2026-06-10T06:32:41Z Pro package: @orqenix-pro/cli

===== 1. Environment =====
$ node -v
v24.15.0
exit=0
$ pnpm -v
9.12.0
exit=0
$ npm -v
10.9.8
exit=0
$ git --version
git version 2.54.0.windows.1
exit=0
[PASS]  Environment OK

===== 2. Working tree and branch =====
$ git status --short
(empty)
exit=0
[INFO]  Branch: main
[INFO]  HEAD commit: 7069e76433707c2b529074d0cb508d978a777fb2
[PASS]  Working tree clean

===== 3. Tag must not exist =====
[PASS]  Tag v0.6.0-phase-6 is available

===== 4. Install (frozen lockfile) =====
$ pnpm install --frozen-lockfile
Lockfile is up to date, resolution step is skipped. Already up to date.
exit=0
[PASS]  Install OK

===== 5. Optimize (doc-only) =====
[INFO]  D6P-F2-Implementation-Report.md not found in Pro repo, skipping optimization

===== 6. Build =====
$ pnpm -F @orqenix-pro/cli build
tsc -p tsconfig.json
exit=0
[PASS]  Build OK (zero TS errors expected)

===== 7. Runtime bin smoke =====
$ node packages/cli/bin/orqenix.mjs help
orqenix 0.6.0-phase-6 (Pro)

Usage:
  orqenix [GLOBAL_FLAGS] <command> [ARGS...]

Global flags:
  --json | --table | --plain    output format (default --table)
  --scope, -s <id>              operate against a specific scope
  --config, -c <dir>            config dir (default .orqenix)
  --verbose, -v                 increase log verbosity
  --no-color                    disable ANSI color
  --help, -h                    show this help

Commands:
  auth status            show the current Pro license status (subject, tier, expiry)
  backend status         list polyglot backends with active flag, readiness, and last-error
  backend switch         switch the active polyglot backend after validating readiness
  delegation chain show  visualize a multi-hop delegation chain or list all chains for the current scope
  delegation revoke      revoke a delegation by jti and write a tamper-evident audit entry
  mesh inspect           show local transports, peers, breaker state, and recent RPC statistics
  mesh route             trace the path to a target scope, transport by transport, with per-hop RTT
  quota reset            reset the usage counter for a quota in its current window
  quota set              set the limit on a quota and write a tamper-evident audit entry
  quota show             list all configured quotas with current usage, limit, window, and breach status

Exit codes:
  0 success   1 generic   2 usage   3 auth/entitlement   4 not found   5 timeout
exit=0
[PASS]  Help output contains "orqenix" and "Usage"

===== auth status invalid license =====
$ ORQENIX_PRO_LICENSE=invalid node packages/cli/bin/orqenix.mjs auth status
error: Pro license invalid: E_MALFORMED
hint: See https://orqenix.dev/docs/pro/license.
exit=3
[PASS]  auth exit 3

===== quota show invalid license =====
$ ORQENIX_PRO_LICENSE=invalid node packages/cli/bin/orqenix.mjs quota show
error: Pro license invalid: E_MALFORMED
hint: See https://orqenix.dev/docs/pro/license.
exit=3
[PASS]  quota exit 3
[PASS]  Runtime smoke OK (help=0, auth=3, quota=3)

===== 8. Native-heavy import sanity =====
===== native-heavy import grep =====
(none)
[PASS]  No native-heavy imports in CLI

===== 9. Tests and gates =====
$ pnpm -F @orqenix-pro/cli test
Test Files  21 passed (21)
     Tests  98 passed (98)
Coverage: 93.77% stmts, 88.18% branches, 98.57% funcs
exit=0
$ gate G44-pro-cli-foundation
[G44-pro] ALL PASS
exit=0
$ gate G45-pro-cli-mesh-delegation
[G45-pro] ALL PASS
exit=0
$ gate G46-pro-cli-quota
[G46-pro] ALL PASS
exit=0
$ gate G47-pro-cli-backend
[G47-pro] ALL PASS
exit=0
$ verify-phase-6-pro
[verify-phase-6-pro] ALL GATES PASS
exit=0
[PASS]  All Pro gates PASS

===== 10. Package dry-run (npm) =====
$ npm pack packages/cli --dry-run
orqenix-pro-cli-0.6.0-phase-6.tgz
package: @orqenix-pro/cli@0.6.0-phase-6
total files: 109
package size: 26.8 kB
unpacked size: 116.5 kB
exit=0
[PASS]  Includes bin/orqenix.mjs
[PASS]  Includes package.json
[PASS]  Includes README.md
[PASS]  Includes LICENSE
[PASS]  Includes CHANGELOG.md
[PASS]  Excludes test/
[PASS]  Excludes scripts/
[PASS]  Excludes D6P-F1-AUDIT.md
[PASS]  Excludes D6P-F2-AUDIT.md
[PASS]  Excludes D6P-F2-Implementation-Report.md
[PASS]  Pack dry-run OK

===== 11. Resolve tag commit =====
[INFO]  Using head commit: 7069e76433707c2b529074d0cb508d978a777fb2

===== 12. Tag and publish =====
[PASS]  Tag v0.6.0-phase-6 created at 7069e76
[PASS]  git push origin main: 139ee34..7069e76 main -> main
[PASS]  git push origin v0.6.0-phase-6: new tag pushed to origin

===== 13. GitHub Release =====
[INFO]  Repo: milosaysyolo/Orqenix-Pro
[PASS]  GitHub Release published
[INFO]  URL: https://github.com/milosaysyolo/Orqenix-Pro/releases/tag/v0.6.0-phase-6

===== 14. Done =====

TAG PUBLISHED
  Tag:     v0.6.0-phase-6
  Commit:  7069e76433707c2b529074d0cb508d978a777fb2
  Branch:  main
  Repo:    milosaysyolo/Orqenix-Pro
  Release: https://github.com/milosaysyolo/Orqenix-Pro/releases/tag/v0.6.0-phase-6
