npm notice
npm notice package: @orqenix-pro/mesh-delegation@0.5.0
npm notice Tarball Contents
npm notice 226B CHANGELOG.md
npm notice 1.3kB LICENSE
npm notice 920B README.md
npm notice 30.1kB dist/.tsbuildinfo
npm notice 872B dist/chain.d.ts
npm notice 777B dist/chain.d.ts.map
npm notice 3.5kB dist/chain.js
npm notice 3.6kB dist/chain.js.map
npm notice 3.3kB dist/contracts.d.ts
npm notice 867B dist/contracts.d.ts.map
npm notice 1.7kB dist/contracts.js
npm notice 1.8kB dist/contracts.js.map
npm notice 1.4kB dist/delegated-router.d.ts
npm notice 1.0kB dist/delegated-router.d.ts.map
npm notice 4.7kB dist/delegated-router.js
npm notice 3.9kB dist/delegated-router.js.map
npm notice 198B dist/index.d.ts
npm notice 204B dist/index.d.ts.map
npm notice 225B dist/index.js
npm notice 223B dist/index.js.map
npm notice 2.1kB package.json
npm notice Tarball Details
npm notice name: @orqenix-pro/mesh-delegation
npm notice version: 0.5.0
npm notice filename: orqenix-pro-mesh-delegation-0.5.0.tgz
npm notice package size: 16.4 kB
npm notice unpacked size: 62.8 kB
npm notice shasum: db627725a3aafb95a08f5bf8091118f713801318
npm notice integrity: sha512-ZJu1HKRdg4T9P[...]iLYqHKjEF56Pw==
npm notice total files: 21
npm notice
orqenix-pro-mesh-delegation-0.5.0.tgz
npm notice
npm notice package: @orqenix-pro/mesh-delegation@0.5.0
npm notice Tarball Contents
npm notice 226B CHANGELOG.md
npm notice 1.3kB LICENSE
npm notice 920B README.md
npm notice 30.1kB dist/.tsbuildinfo
npm notice 872B dist/chain.d.ts
npm notice 777B dist/chain.d.ts.map
npm notice 3.5kB dist/chain.js
npm notice 3.6kB dist/chain.js.map
npm notice 3.3kB dist/contracts.d.ts
npm notice 867B dist/contracts.d.ts.map
npm notice 1.7kB dist/contracts.js
npm notice 1.8kB dist/contracts.js.map
npm notice 1.4kB dist/delegated-router.d.ts
npm notice 1.0kB dist/delegated-router.d.ts.map
npm notice 4.7kB dist/delegated-router.js
npm notice 3.9kB dist/delegated-router.js.map
npm notice 198B dist/index.d.ts
npm notice 204B dist/index.d.ts.map
npm notice 225B dist/index.js
npm notice 223B dist/index.js.map
npm notice 2.0kB package.json
npm notice Tarball Details
npm notice name: @orqenix-pro/mesh-delegation
npm notice version: 0.5.0
npm notice filename: orqenix-pro-mesh-delegation-0.5.0.tgz
npm notice package size: 16.5 kB
npm notice unpacked size: 62.7 kB
npm notice shasum: be81053ff3fbc4b7d82fe41196184990bdbe3b8c
npm notice integrity: sha512-tDpnmX9p+s0lF[...]DBNuD5uAoCuBw==
npm notice total files: 21
npm notice
npm notice Publishing to https://registry.npmjs.org/ with tag latest and public access
npm error code E404
npm error 404 Not Found - PUT https://registry.npmjs.org/@orqenix-pro%2fmesh-delegation - Not found
npm error 404
npm error 404  '@orqenix-pro/mesh-delegation@0.5.0' is not in this registry.
npm error 404
npm error 404 Note that you can also install from a
npm error 404 tarball, folder, http url, or git url.
npm error A complete log of this run can be found in: C:\Users\vnet-1-vm-c1\AppData\Local\npm-cache\_logs\2026-06-11T03_54_24_375Z-debug-0.log
