
> @orqenix-pro/mesh-delegation@0.5.0-phase-5 build C:\Users\vnet-1-vm-c1\Documents\GitHub\Orqenix-Pro\packages\mesh-delegation
> tsc --build

npm notice
npm notice package: @orqenix-pro/mesh-delegation@0.5.0-phase-5
npm notice Tarball Contents
npm notice 226B CHANGELOG.md
npm notice 1.3kB LICENSE
npm notice 920B README.md
npm notice 30.1kB dist/.tsbuildinfo
npm notice 872B dist/chain.d.ts
npm notice 777B dist/chain.d.ts.map
npm notice 3.5kB dist/chain.js
npm notice 3.6kB dist/chain.js.map
npm notice 3.3kB dist/contracts.d.ts
npm notice 867B dist/contracts.d.ts.map
npm notice 1.7kB dist/contracts.js
npm notice 1.8kB dist/contracts.js.map
npm notice 1.4kB dist/delegated-router.d.ts
npm notice 1.0kB dist/delegated-router.d.ts.map
npm notice 4.7kB dist/delegated-router.js
npm notice 3.9kB dist/delegated-router.js.map
npm notice 198B dist/index.d.ts
npm notice 204B dist/index.d.ts.map
npm notice 225B dist/index.js
npm notice 223B dist/index.js.map
npm notice 2.1kB package.json
npm notice Tarball Details
npm notice name: @orqenix-pro/mesh-delegation
npm notice version: 0.5.0-phase-5
npm notice filename: orqenix-pro-mesh-delegation-0.5.0-phase-5.tgz
npm notice package size: 16.4 kB
npm notice unpacked size: 62.8 kB
npm notice shasum: d1b3f4e88c77d665810f8c4700486cad4cb3cbf3
npm notice integrity: sha512-rbwRU1Ywq38Ea[...]mnnck6dKOHWzA==
npm notice total files: 21
npm notice
orqenix-pro-mesh-delegation-0.5.0-phase-5.tgz
