npm notice
npm notice package: @orqenix-pro/polyglot-backend@0.5.0
npm notice Tarball Contents
npm notice 693B dist/index.d.ts
npm notice 292B dist/index.js
npm notice 616B package.json
npm notice Tarball Details
npm notice name: @orqenix-pro/polyglot-backend
npm notice version: 0.5.0
npm notice filename: orqenix-pro-polyglot-backend-0.5.0.tgz
npm notice package size: 781 B
npm notice unpacked size: 1.6 kB
npm notice shasum: f767581f756ed8e67ba4dac8721148c333c0daa3
npm notice integrity: sha512-btQKeeRJ+/WjO[...]MlUU8N08H6CVw==
npm notice total files: 3
npm notice
orqenix-pro-polyglot-backend-0.5.0.tgz
npm notice
npm notice package: @orqenix-pro/polyglot-backend@0.5.0
npm notice Tarball Contents
npm notice 1.1kB LICENSE
npm notice 693B dist/index.d.ts
npm notice 292B dist/index.js
npm notice 615B package.json
npm notice Tarball Details
npm notice name: @orqenix-pro/polyglot-backend
npm notice version: 0.5.0
npm notice filename: orqenix-pro-polyglot-backend-0.5.0.tgz
npm notice package size: 1.3 kB
npm notice unpacked size: 2.7 kB
npm notice shasum: 35a81c3a01fc138007b208c57e5f28c36d878360
npm notice integrity: sha512-ohbiJw4BMZwjn[...]IJ9GQfBExuXcw==
npm notice total files: 4
npm notice
npm notice Publishing to https://registry.npmjs.org/ with tag latest and public access
npm error code E404
npm error 404 Not Found - PUT https://registry.npmjs.org/@orqenix-pro%2fpolyglot-backend - Not found
npm error 404
npm error 404  '@orqenix-pro/polyglot-backend@0.5.0' is not in this registry.
npm error 404
npm error 404 Note that you can also install from a
npm error 404 tarball, folder, http url, or git url.
npm error A complete log of this run can be found in: C:\Users\vnet-1-vm-c1\AppData\Local\npm-cache\_logs\2026-06-11T03_59_59_208Z-debug-0.log
