npm notice
npm notice package: @orqenix-pro/blast-radius@0.5.0
npm notice Tarball Contents
npm notice 226B CHANGELOG.md
npm notice 1.3kB LICENSE
npm notice 1.1kB README.md
npm notice 84.5kB dist/.tsbuildinfo
npm notice 1.6kB dist/contracts.d.ts
npm notice 830B dist/contracts.d.ts.map
npm notice 1.2kB dist/contracts.js
npm notice 1.2kB dist/contracts.js.map
npm notice 354B dist/defaults.d.ts
npm notice 392B dist/defaults.d.ts.map
npm notice 756B dist/defaults.js
npm notice 721B dist/defaults.js.map
npm notice 216B dist/index.d.ts
npm notice 223B dist/index.d.ts.map
npm notice 243B dist/index.js
npm notice 242B dist/index.js.map
npm notice 165B dist/schema.d.ts
npm notice 197B dist/schema.d.ts.map
npm notice 850B dist/schema.js
npm notice 329B dist/schema.js.map
npm notice 1.1kB dist/store.d.ts
npm notice 1.1kB dist/store.d.ts.map
npm notice 4.7kB dist/store.js
npm notice 4.3kB dist/store.js.map
npm notice 2.7kB package.json
npm notice Tarball Details
npm notice name: @orqenix-pro/blast-radius
npm notice version: 0.5.0
npm notice filename: orqenix-pro-blast-radius-0.5.0.tgz
npm notice package size: 22.0 kB
npm notice unpacked size: 110.5 kB
npm notice shasum: e6cc34f95d59fa6d1ec776dcfeb1269369ef5207
npm notice integrity: sha512-bWf9Eyfxw3Qhc[...]Rec5X5TwB4C0A==
npm notice total files: 25
npm notice
npm notice Publishing to https://registry.npmjs.org/ with tag latest and public access
npm error code E403
npm error 403 403 Forbidden - PUT https://registry.npmjs.org/@orqenix-pro%2fblast-radius - You cannot publish over the previously published versions: 0.5.0.
npm error 403 In most cases, you or one of your dependencies are requesting
npm error 403 a package version that is forbidden by your security policy, or
npm error 403 on a server you do not have access to.
npm error A complete log of this run can be found in: C:\Users\vnet-1-vm-c1\AppData\Local\npm-cache\_logs\2026-06-11T08_55_15_312Z-debug-0.log
npm notice
npm notice package: @orqenix-pro/blast-radius@0.5.1
npm notice Tarball Contents
npm notice 226B CHANGELOG.md
npm notice 1.3kB LICENSE
npm notice 1.1kB README.md
npm notice 84.5kB dist/.tsbuildinfo
npm notice 1.6kB dist/contracts.d.ts
npm notice 830B dist/contracts.d.ts.map
npm notice 1.2kB dist/contracts.js
npm notice 1.2kB dist/contracts.js.map
npm notice 354B dist/defaults.d.ts
npm notice 392B dist/defaults.d.ts.map
npm notice 756B dist/defaults.js
npm notice 721B dist/defaults.js.map
npm notice 216B dist/index.d.ts
npm notice 223B dist/index.d.ts.map
npm notice 243B dist/index.js
npm notice 242B dist/index.js.map
npm notice 165B dist/schema.d.ts
npm notice 197B dist/schema.d.ts.map
npm notice 850B dist/schema.js
npm notice 329B dist/schema.js.map
npm notice 1.1kB dist/store.d.ts
npm notice 1.1kB dist/store.d.ts.map
npm notice 4.7kB dist/store.js
npm notice 4.3kB dist/store.js.map
npm notice 2.7kB package.json
npm notice Tarball Details
npm notice name: @orqenix-pro/blast-radius
npm notice version: 0.5.1
npm notice filename: orqenix-pro-blast-radius-0.5.1.tgz
npm notice package size: 22.0 kB
npm notice unpacked size: 110.5 kB
npm notice shasum: 18cbb56243229a2fedf981c53175b371c809d140
npm notice integrity: sha512-6jQQuufitrC/6[...]yP3BLenfCS3MA==
npm notice total files: 25
npm notice
npm notice Publishing to https://registry.npmjs.org/ with tag latest and public access
+ @orqenix-pro/blast-radius@0.5.1
