npm notice
npm notice package: @orqenix-pro/blast-radius@0.5.0
npm notice Tarball Contents
npm notice 226B CHANGELOG.md
npm notice 1.3kB LICENSE
npm notice 1.1kB README.md
npm notice 84.5kB dist/.tsbuildinfo
npm notice 1.6kB dist/contracts.d.ts
npm notice 830B dist/contracts.d.ts.map
npm notice 1.2kB dist/contracts.js
npm notice 1.2kB dist/contracts.js.map
npm notice 354B dist/defaults.d.ts
npm notice 392B dist/defaults.d.ts.map
npm notice 756B dist/defaults.js
npm notice 721B dist/defaults.js.map
npm notice 216B dist/index.d.ts
npm notice 223B dist/index.d.ts.map
npm notice 243B dist/index.js
npm notice 242B dist/index.js.map
npm notice 165B dist/schema.d.ts
npm notice 197B dist/schema.d.ts.map
npm notice 850B dist/schema.js
npm notice 329B dist/schema.js.map
npm notice 1.1kB dist/store.d.ts
npm notice 1.1kB dist/store.d.ts.map
npm notice 4.7kB dist/store.js
npm notice 4.3kB dist/store.js.map
npm notice 1.8kB package.json
npm notice Tarball Details
npm notice name: @orqenix-pro/blast-radius
npm notice version: 0.5.0
npm notice filename: orqenix-pro-blast-radius-0.5.0.tgz
npm notice package size: 21.9 kB
npm notice unpacked size: 109.7 kB
npm notice shasum: 340774ad9b05cd7ba4112590ff6cad3bd3dafa74
npm notice integrity: sha512-v6idUbR2XbI4v[...]6lpHlEBer50vQ==
npm notice total files: 25
npm notice
orqenix-pro-blast-radius-0.5.0.tgz
npm notice
npm notice package: @orqenix-pro/blast-radius@0.5.0
npm notice Tarball Contents
npm notice 226B CHANGELOG.md
npm notice 1.3kB LICENSE
npm notice 1.1kB README.md
npm notice 84.5kB dist/.tsbuildinfo
npm notice 1.6kB dist/contracts.d.ts
npm notice 830B dist/contracts.d.ts.map
npm notice 1.2kB dist/contracts.js
npm notice 1.2kB dist/contracts.js.map
npm notice 354B dist/defaults.d.ts
npm notice 392B dist/defaults.d.ts.map
npm notice 756B dist/defaults.js
npm notice 721B dist/defaults.js.map
npm notice 216B dist/index.d.ts
npm notice 223B dist/index.d.ts.map
npm notice 243B dist/index.js
npm notice 242B dist/index.js.map
npm notice 165B dist/schema.d.ts
npm notice 197B dist/schema.d.ts.map
npm notice 850B dist/schema.js
npm notice 329B dist/schema.js.map
npm notice 1.1kB dist/store.d.ts
npm notice 1.1kB dist/store.d.ts.map
npm notice 4.7kB dist/store.js
npm notice 4.3kB dist/store.js.map
npm notice 1.8kB package.json
npm notice Tarball Details
npm notice name: @orqenix-pro/blast-radius
npm notice version: 0.5.0
npm notice filename: orqenix-pro-blast-radius-0.5.0.tgz
npm notice package size: 22.1 kB
npm notice unpacked size: 109.6 kB
npm notice shasum: b01df6477fb86c8599616c94e674a5075c243afa
npm notice integrity: sha512-AYWhbPoqjHcCh[...]b7UDWNsCnPRrg==
npm notice total files: 25
npm notice
npm notice Publishing to https://registry.npmjs.org/ with tag latest and public access
npm error code E404
npm error 404 Not Found - PUT https://registry.npmjs.org/@orqenix-pro%2fblast-radius - Not found
npm error 404
npm error 404  '@orqenix-pro/blast-radius@0.5.0' is not in this registry.
npm error 404
npm error 404 Note that you can also install from a
npm error 404 tarball, folder, http url, or git url.
npm error A complete log of this run can be found in: C:\Users\vnet-1-vm-c1\AppData\Local\npm-cache\_logs\2026-06-11T03_48_48_689Z-debug-0.log
