
> @orqenix-pro/blast-radius@0.5.0-phase-5 build C:\Users\vnet-1-vm-c1\Documents\GitHub\Orqenix-Pro\packages\blast-radius
> tsc --build

npm notice
npm notice package: @orqenix-pro/blast-radius@0.5.0-phase-5
npm notice Tarball Contents
npm notice 226B CHANGELOG.md
npm notice 1.3kB LICENSE
npm notice 1.1kB README.md
npm notice 84.5kB dist/.tsbuildinfo
npm notice 1.6kB dist/contracts.d.ts
npm notice 830B dist/contracts.d.ts.map
npm notice 1.2kB dist/contracts.js
npm notice 1.2kB dist/contracts.js.map
npm notice 354B dist/defaults.d.ts
npm notice 392B dist/defaults.d.ts.map
npm notice 756B dist/defaults.js
npm notice 721B dist/defaults.js.map
npm notice 216B dist/index.d.ts
npm notice 223B dist/index.d.ts.map
npm notice 243B dist/index.js
npm notice 242B dist/index.js.map
npm notice 165B dist/schema.d.ts
npm notice 197B dist/schema.d.ts.map
npm notice 850B dist/schema.js
npm notice 329B dist/schema.js.map
npm notice 1.1kB dist/store.d.ts
npm notice 1.1kB dist/store.d.ts.map
npm notice 4.7kB dist/store.js
npm notice 4.3kB dist/store.js.map
npm notice 1.8kB package.json
npm notice Tarball Details
npm notice name: @orqenix-pro/blast-radius
npm notice version: 0.5.0-phase-5
npm notice filename: orqenix-pro-blast-radius-0.5.0-phase-5.tgz
npm notice package size: 21.9 kB
npm notice unpacked size: 109.7 kB
npm notice shasum: 9d7c3267512d2a599f317ff808d798270e8579a7
npm notice integrity: sha512-peiu7MA3ERfVi[...]stGw4s2Q883hQ==
npm notice total files: 25
npm notice
orqenix-pro-blast-radius-0.5.0-phase-5.tgz
