npm notice
npm notice package: @orqenix-pro/cli@0.6.1-phase-6
npm notice Tarball Contents
npm notice 170B CHANGELOG.md
npm notice 179B LICENSE
npm notice 401B README.md
npm notice 932B bin/audit-log-default.mjs
npm notice 1.3kB bin/blast-radius-default.mjs
npm notice 804B bin/delegation-store-default.mjs
npm notice 1.8kB bin/orqenix.mjs
npm notice 1.4kB bin/route-probe-default.mjs
npm notice 744B dist/application.d.ts
npm notice 840B dist/application.d.ts.map
npm notice 4.4kB dist/application.js
npm notice 4.2kB dist/application.js.map
npm notice 805B dist/command.d.ts
npm notice 906B dist/command.d.ts.map
npm notice 46B dist/command.js
npm notice 106B dist/command.js.map
npm notice 1.1kB dist/exit-codes.d.ts
npm notice 902B dist/exit-codes.d.ts.map
npm notice 1.7kB dist/exit-codes.js
npm notice 2.0kB dist/exit-codes.js.map
npm notice 443B dist/flags.d.ts
npm notice 541B dist/flags.d.ts.map
npm notice 2.8kB dist/flags.js
npm notice 3.5kB dist/flags.js.map
npm notice 824B dist/formatters.d.ts
npm notice 865B dist/formatters.d.ts.map
npm notice 3.2kB dist/formatters.js
npm notice 4.3kB dist/formatters.js.map
npm notice 294B dist/index.d.ts
npm notice 278B dist/index.d.ts.map
npm notice 292B dist/index.js
npm notice 276B dist/index.js.map
npm notice 725B dist/license.d.ts
npm notice 789B dist/license.d.ts.map
npm notice 1.6kB dist/license.js
npm notice 1.6kB dist/license.js.map
npm notice 300B dist/registry.d.ts
npm notice 382B dist/registry.d.ts.map
npm notice 1.0kB dist/registry.js
npm notice 1.4kB dist/registry.js.map
npm notice 136B dist/subcommands/auth-status.d.ts
npm notice 216B dist/subcommands/auth-status.d.ts.map
npm notice 749B dist/subcommands/auth-status.js
npm notice 716B dist/subcommands/auth-status.js.map
npm notice 582B dist/subcommands/backend-manager.d.ts
npm notice 659B dist/subcommands/backend-manager.d.ts.map
npm notice 186B dist/subcommands/backend-manager.js
npm notice 305B dist/subcommands/backend-manager.js.map
npm notice 302B dist/subcommands/backend-status.d.ts
npm notice 343B dist/subcommands/backend-status.d.ts.map
npm notice 1.2kB dist/subcommands/backend-status.js
npm notice 1.2kB dist/subcommands/backend-status.js.map
npm notice 378B dist/subcommands/backend-switch.d.ts
npm notice 418B dist/subcommands/backend-switch.d.ts.map
npm notice 2.4kB dist/subcommands/backend-switch.js
npm notice 2.1kB dist/subcommands/backend-switch.js.map
npm notice 328B dist/subcommands/delegation-chain-show.d.ts
npm notice 357B dist/subcommands/delegation-chain-show.d.ts.map
npm notice 2.6kB dist/subcommands/delegation-chain-show.js
npm notice 2.7kB dist/subcommands/delegation-chain-show.js.map
npm notice 346B dist/subcommands/delegation-revoke.d.ts
npm notice 385B dist/subcommands/delegation-revoke.d.ts.map
npm notice 2.5kB dist/subcommands/delegation-revoke.js
npm notice 2.1kB dist/subcommands/delegation-revoke.js.map
npm notice 1.1kB dist/subcommands/delegation-store.d.ts
npm notice 1.4kB dist/subcommands/delegation-store.d.ts.map
npm notice 55B dist/subcommands/delegation-store.js
npm notice 139B dist/subcommands/delegation-store.js.map
npm notice 618B dist/subcommands/helpers.d.ts
npm notice 717B dist/subcommands/helpers.d.ts.map
npm notice 1.5kB dist/subcommands/helpers.js
npm notice 2.1kB dist/subcommands/helpers.js.map
npm notice 601B dist/subcommands/index.d.ts
npm notice 483B dist/subcommands/index.d.ts.map
npm notice 599B dist/subcommands/index.js
npm notice 481B dist/subcommands/index.js.map
npm notice 1.3kB dist/subcommands/inspector.d.ts
npm notice 1.3kB dist/subcommands/inspector.d.ts.map
npm notice 989B dist/subcommands/inspector.js
npm notice 1.0kB dist/subcommands/inspector.js.map
npm notice 363B dist/subcommands/mesh-inspect.d.ts
npm notice 405B dist/subcommands/mesh-inspect.d.ts.map
npm notice 2.0kB dist/subcommands/mesh-inspect.js
npm notice 2.0kB dist/subcommands/mesh-inspect.js.map
npm notice 272B dist/subcommands/mesh-route.d.ts
npm notice 332B dist/subcommands/mesh-route.d.ts.map
npm notice 1.8kB dist/subcommands/mesh-route.js
npm notice 1.9kB dist/subcommands/mesh-route.js.map
npm notice 352B dist/subcommands/quota-reset.d.ts
npm notice 408B dist/subcommands/quota-reset.d.ts.map
npm notice 2.2kB dist/subcommands/quota-reset.js
npm notice 1.9kB dist/subcommands/quota-reset.js.map
npm notice 344B dist/subcommands/quota-set.d.ts
npm notice 404B dist/subcommands/quota-set.d.ts.map
npm notice 2.3kB dist/subcommands/quota-set.js
npm notice 2.0kB dist/subcommands/quota-set.js.map
npm notice 272B dist/subcommands/quota-show.d.ts
npm notice 331B dist/subcommands/quota-show.d.ts.map
npm notice 1.2kB dist/subcommands/quota-show.js
npm notice 1.1kB dist/subcommands/quota-show.js.map
npm notice 901B dist/subcommands/quota-store.d.ts
npm notice 939B dist/subcommands/quota-store.d.ts.map
npm notice 282B dist/subcommands/quota-store.js
npm notice 322B dist/subcommands/quota-store.js.map
npm notice 669B dist/subcommands/route-probe.d.ts
npm notice 784B dist/subcommands/route-probe.d.ts.map
npm notice 712B dist/subcommands/route-probe.js
npm notice 736B dist/subcommands/route-probe.js.map
npm notice 1.7kB package.json
npm notice Tarball Details
npm notice name: @orqenix-pro/cli
npm notice version: 0.6.1-phase-6
npm notice filename: orqenix-pro-cli-0.6.1-phase-6.tgz
npm notice package size: 26.8 kB
npm notice unpacked size: 116.5 kB
npm notice shasum: af81ef71c5787dfcb49a44a45e49b8590a85c145
npm notice integrity: sha512-M6ASMfNG9qHrT[...]lxqI//nhjDU4w==
npm notice total files: 109
npm notice
orqenix-pro-cli-0.6.1-phase-6.tgz
npm notice
npm notice package: @orqenix-pro/cli@0.6.1-phase-6
npm notice Tarball Contents
npm notice 170B CHANGELOG.md
npm notice 179B LICENSE
npm notice 401B README.md
npm notice 932B bin/audit-log-default.mjs
npm notice 1.3kB bin/blast-radius-default.mjs
npm notice 804B bin/delegation-store-default.mjs
npm notice 1.8kB bin/orqenix.mjs
npm notice 1.4kB bin/route-probe-default.mjs
npm notice 744B dist/application.d.ts
npm notice 840B dist/application.d.ts.map
npm notice 4.4kB dist/application.js
npm notice 4.2kB dist/application.js.map
npm notice 805B dist/command.d.ts
npm notice 906B dist/command.d.ts.map
npm notice 46B dist/command.js
npm notice 106B dist/command.js.map
npm notice 1.1kB dist/exit-codes.d.ts
npm notice 902B dist/exit-codes.d.ts.map
npm notice 1.7kB dist/exit-codes.js
npm notice 2.0kB dist/exit-codes.js.map
npm notice 443B dist/flags.d.ts
npm notice 541B dist/flags.d.ts.map
npm notice 2.8kB dist/flags.js
npm notice 3.5kB dist/flags.js.map
npm notice 824B dist/formatters.d.ts
npm notice 865B dist/formatters.d.ts.map
npm notice 3.2kB dist/formatters.js
npm notice 4.3kB dist/formatters.js.map
npm notice 294B dist/index.d.ts
npm notice 278B dist/index.d.ts.map
npm notice 292B dist/index.js
npm notice 276B dist/index.js.map
npm notice 725B dist/license.d.ts
npm notice 789B dist/license.d.ts.map
npm notice 1.6kB dist/license.js
npm notice 1.6kB dist/license.js.map
npm notice 300B dist/registry.d.ts
npm notice 382B dist/registry.d.ts.map
npm notice 1.0kB dist/registry.js
npm notice 1.4kB dist/registry.js.map
npm notice 136B dist/subcommands/auth-status.d.ts
npm notice 216B dist/subcommands/auth-status.d.ts.map
npm notice 749B dist/subcommands/auth-status.js
npm notice 716B dist/subcommands/auth-status.js.map
npm notice 582B dist/subcommands/backend-manager.d.ts
npm notice 659B dist/subcommands/backend-manager.d.ts.map
npm notice 186B dist/subcommands/backend-manager.js
npm notice 305B dist/subcommands/backend-manager.js.map
npm notice 302B dist/subcommands/backend-status.d.ts
npm notice 343B dist/subcommands/backend-status.d.ts.map
npm notice 1.2kB dist/subcommands/backend-status.js
npm notice 1.2kB dist/subcommands/backend-status.js.map
npm notice 378B dist/subcommands/backend-switch.d.ts
npm notice 418B dist/subcommands/backend-switch.d.ts.map
npm notice 2.4kB dist/subcommands/backend-switch.js
npm notice 2.1kB dist/subcommands/backend-switch.js.map
npm notice 328B dist/subcommands/delegation-chain-show.d.ts
npm notice 357B dist/subcommands/delegation-chain-show.d.ts.map
npm notice 2.6kB dist/subcommands/delegation-chain-show.js
npm notice 2.7kB dist/subcommands/delegation-chain-show.js.map
npm notice 346B dist/subcommands/delegation-revoke.d.ts
npm notice 385B dist/subcommands/delegation-revoke.d.ts.map
npm notice 2.5kB dist/subcommands/delegation-revoke.js
npm notice 2.1kB dist/subcommands/delegation-revoke.js.map
npm notice 1.1kB dist/subcommands/delegation-store.d.ts
npm notice 1.4kB dist/subcommands/delegation-store.d.ts.map
npm notice 55B dist/subcommands/delegation-store.js
npm notice 139B dist/subcommands/delegation-store.js.map
npm notice 618B dist/subcommands/helpers.d.ts
npm notice 717B dist/subcommands/helpers.d.ts.map
npm notice 1.5kB dist/subcommands/helpers.js
npm notice 2.1kB dist/subcommands/helpers.js.map
npm notice 601B dist/subcommands/index.d.ts
npm notice 483B dist/subcommands/index.d.ts.map
npm notice 599B dist/subcommands/index.js
npm notice 481B dist/subcommands/index.js.map
npm notice 1.3kB dist/subcommands/inspector.d.ts
npm notice 1.3kB dist/subcommands/inspector.d.ts.map
npm notice 989B dist/subcommands/inspector.js
npm notice 1.0kB dist/subcommands/inspector.js.map
npm notice 363B dist/subcommands/mesh-inspect.d.ts
npm notice 405B dist/subcommands/mesh-inspect.d.ts.map
npm notice 2.0kB dist/subcommands/mesh-inspect.js
npm notice 2.0kB dist/subcommands/mesh-inspect.js.map
npm notice 272B dist/subcommands/mesh-route.d.ts
npm notice 332B dist/subcommands/mesh-route.d.ts.map
npm notice 1.8kB dist/subcommands/mesh-route.js
npm notice 1.9kB dist/subcommands/mesh-route.js.map
npm notice 352B dist/subcommands/quota-reset.d.ts
npm notice 408B dist/subcommands/quota-reset.d.ts.map
npm notice 2.2kB dist/subcommands/quota-reset.js
npm notice 1.9kB dist/subcommands/quota-reset.js.map
npm notice 344B dist/subcommands/quota-set.d.ts
npm notice 404B dist/subcommands/quota-set.d.ts.map
npm notice 2.3kB dist/subcommands/quota-set.js
npm notice 2.0kB dist/subcommands/quota-set.js.map
npm notice 272B dist/subcommands/quota-show.d.ts
npm notice 331B dist/subcommands/quota-show.d.ts.map
npm notice 1.2kB dist/subcommands/quota-show.js
npm notice 1.1kB dist/subcommands/quota-show.js.map
npm notice 901B dist/subcommands/quota-store.d.ts
npm notice 939B dist/subcommands/quota-store.d.ts.map
npm notice 282B dist/subcommands/quota-store.js
npm notice 322B dist/subcommands/quota-store.js.map
npm notice 669B dist/subcommands/route-probe.d.ts
npm notice 784B dist/subcommands/route-probe.d.ts.map
npm notice 712B dist/subcommands/route-probe.js
npm notice 736B dist/subcommands/route-probe.js.map
npm notice 1.7kB package.json
npm notice Tarball Details
npm notice name: @orqenix-pro/cli
npm notice version: 0.6.1-phase-6
npm notice filename: orqenix-pro-cli-0.6.1-phase-6.tgz
npm notice package size: 27.5 kB
npm notice unpacked size: 116.5 kB
npm notice shasum: ba9244ffebe5e2bd3287f70f1d123d693662bc8e
npm notice integrity: sha512-DqsQc3vQVJhE5[...]JjKoxG7Tm6fOg==
npm notice total files: 109
npm notice
npm notice Publishing to https://registry.npmjs.org/ with tag latest and public access
npm error code E404
npm error 404 Not Found - PUT https://registry.npmjs.org/@orqenix-pro%2fcli - Not found
npm error 404
npm error 404  '@orqenix-pro/cli@0.6.1-phase-6' is not in this registry.
npm error 404
npm error 404 Note that you can also install from a
npm error 404 tarball, folder, http url, or git url.
npm error A complete log of this run can be found in: C:\Users\vnet-1-vm-c1\AppData\Local\npm-cache\_logs\2026-06-11T04_06_29_029Z-debug-0.log
npm notice
npm notice package: @orqenix-pro/cli@0.6.1-phase-6
npm notice Tarball Contents
npm notice 170B CHANGELOG.md
npm notice 179B LICENSE
npm notice 401B README.md
npm notice 932B bin/audit-log-default.mjs
npm notice 1.3kB bin/blast-radius-default.mjs
npm notice 804B bin/delegation-store-default.mjs
npm notice 1.8kB bin/orqenix.mjs
npm notice 1.4kB bin/route-probe-default.mjs
npm notice 744B dist/application.d.ts
npm notice 840B dist/application.d.ts.map
npm notice 4.4kB dist/application.js
npm notice 4.2kB dist/application.js.map
npm notice 805B dist/command.d.ts
npm notice 906B dist/command.d.ts.map
npm notice 46B dist/command.js
npm notice 106B dist/command.js.map
npm notice 1.1kB dist/exit-codes.d.ts
npm notice 902B dist/exit-codes.d.ts.map
npm notice 1.7kB dist/exit-codes.js
npm notice 2.0kB dist/exit-codes.js.map
npm notice 443B dist/flags.d.ts
npm notice 541B dist/flags.d.ts.map
npm notice 2.8kB dist/flags.js
npm notice 3.5kB dist/flags.js.map
npm notice 824B dist/formatters.d.ts
npm notice 865B dist/formatters.d.ts.map
npm notice 3.2kB dist/formatters.js
npm notice 4.3kB dist/formatters.js.map
npm notice 294B dist/index.d.ts
npm notice 278B dist/index.d.ts.map
npm notice 292B dist/index.js
npm notice 276B dist/index.js.map
npm notice 725B dist/license.d.ts
npm notice 789B dist/license.d.ts.map
npm notice 1.6kB dist/license.js
npm notice 1.6kB dist/license.js.map
npm notice 300B dist/registry.d.ts
npm notice 382B dist/registry.d.ts.map
npm notice 1.0kB dist/registry.js
npm notice 1.4kB dist/registry.js.map
npm notice 136B dist/subcommands/auth-status.d.ts
npm notice 216B dist/subcommands/auth-status.d.ts.map
npm notice 749B dist/subcommands/auth-status.js
npm notice 716B dist/subcommands/auth-status.js.map
npm notice 582B dist/subcommands/backend-manager.d.ts
npm notice 659B dist/subcommands/backend-manager.d.ts.map
npm notice 186B dist/subcommands/backend-manager.js
npm notice 305B dist/subcommands/backend-manager.js.map
npm notice 302B dist/subcommands/backend-status.d.ts
npm notice 343B dist/subcommands/backend-status.d.ts.map
npm notice 1.2kB dist/subcommands/backend-status.js
npm notice 1.2kB dist/subcommands/backend-status.js.map
npm notice 378B dist/subcommands/backend-switch.d.ts
npm notice 418B dist/subcommands/backend-switch.d.ts.map
npm notice 2.4kB dist/subcommands/backend-switch.js
npm notice 2.1kB dist/subcommands/backend-switch.js.map
npm notice 328B dist/subcommands/delegation-chain-show.d.ts
npm notice 357B dist/subcommands/delegation-chain-show.d.ts.map
npm notice 2.6kB dist/subcommands/delegation-chain-show.js
npm notice 2.7kB dist/subcommands/delegation-chain-show.js.map
npm notice 346B dist/subcommands/delegation-revoke.d.ts
npm notice 385B dist/subcommands/delegation-revoke.d.ts.map
npm notice 2.5kB dist/subcommands/delegation-revoke.js
npm notice 2.1kB dist/subcommands/delegation-revoke.js.map
npm notice 1.1kB dist/subcommands/delegation-store.d.ts
npm notice 1.4kB dist/subcommands/delegation-store.d.ts.map
npm notice 55B dist/subcommands/delegation-store.js
npm notice 139B dist/subcommands/delegation-store.js.map
npm notice 618B dist/subcommands/helpers.d.ts
npm notice 717B dist/subcommands/helpers.d.ts.map
npm notice 1.5kB dist/subcommands/helpers.js
npm notice 2.1kB dist/subcommands/helpers.js.map
npm notice 601B dist/subcommands/index.d.ts
npm notice 483B dist/subcommands/index.d.ts.map
npm notice 599B dist/subcommands/index.js
npm notice 481B dist/subcommands/index.js.map
npm notice 1.3kB dist/subcommands/inspector.d.ts
npm notice 1.3kB dist/subcommands/inspector.d.ts.map
npm notice 989B dist/subcommands/inspector.js
npm notice 1.0kB dist/subcommands/inspector.js.map
npm notice 363B dist/subcommands/mesh-inspect.d.ts
npm notice 405B dist/subcommands/mesh-inspect.d.ts.map
npm notice 2.0kB dist/subcommands/mesh-inspect.js
npm notice 2.0kB dist/subcommands/mesh-inspect.js.map
npm notice 272B dist/subcommands/mesh-route.d.ts
npm notice 332B dist/subcommands/mesh-route.d.ts.map
npm notice 1.8kB dist/subcommands/mesh-route.js
npm notice 1.9kB dist/subcommands/mesh-route.js.map
npm notice 352B dist/subcommands/quota-reset.d.ts
npm notice 408B dist/subcommands/quota-reset.d.ts.map
npm notice 2.2kB dist/subcommands/quota-reset.js
npm notice 1.9kB dist/subcommands/quota-reset.js.map
npm notice 344B dist/subcommands/quota-set.d.ts
npm notice 404B dist/subcommands/quota-set.d.ts.map
npm notice 2.3kB dist/subcommands/quota-set.js
npm notice 2.0kB dist/subcommands/quota-set.js.map
npm notice 272B dist/subcommands/quota-show.d.ts
npm notice 331B dist/subcommands/quota-show.d.ts.map
npm notice 1.2kB dist/subcommands/quota-show.js
npm notice 1.1kB dist/subcommands/quota-show.js.map
npm notice 901B dist/subcommands/quota-store.d.ts
npm notice 939B dist/subcommands/quota-store.d.ts.map
npm notice 282B dist/subcommands/quota-store.js
npm notice 322B dist/subcommands/quota-store.js.map
npm notice 669B dist/subcommands/route-probe.d.ts
npm notice 784B dist/subcommands/route-probe.d.ts.map
npm notice 712B dist/subcommands/route-probe.js
npm notice 736B dist/subcommands/route-probe.js.map
npm notice 1.7kB package.json
npm notice Tarball Details
npm notice name: @orqenix-pro/cli
npm notice version: 0.6.1-phase-6
npm notice filename: orqenix-pro-cli-0.6.1-phase-6.tgz
npm notice package size: 26.8 kB
npm notice unpacked size: 116.5 kB
npm notice shasum: 4e16a5b5bfa18240359b5e67115705c95640e22b
npm notice integrity: sha512-FqfVvouNbv5jv[...]Cb+VoS1DwHsTA==
npm notice total files: 109
npm notice
orqenix-pro-cli-0.6.1-phase-6.tgz
npm notice
npm notice package: @orqenix-pro/cli@0.6.1-phase-6
npm notice Tarball Contents
npm notice 170B CHANGELOG.md
npm notice 179B LICENSE
npm notice 401B README.md
npm notice 932B bin/audit-log-default.mjs
npm notice 1.3kB bin/blast-radius-default.mjs
npm notice 804B bin/delegation-store-default.mjs
npm notice 1.8kB bin/orqenix.mjs
npm notice 1.4kB bin/route-probe-default.mjs
npm notice 744B dist/application.d.ts
npm notice 840B dist/application.d.ts.map
npm notice 4.4kB dist/application.js
npm notice 4.2kB dist/application.js.map
npm notice 805B dist/command.d.ts
npm notice 906B dist/command.d.ts.map
npm notice 46B dist/command.js
npm notice 106B dist/command.js.map
npm notice 1.1kB dist/exit-codes.d.ts
npm notice 902B dist/exit-codes.d.ts.map
npm notice 1.7kB dist/exit-codes.js
npm notice 2.0kB dist/exit-codes.js.map
npm notice 443B dist/flags.d.ts
npm notice 541B dist/flags.d.ts.map
npm notice 2.8kB dist/flags.js
npm notice 3.5kB dist/flags.js.map
npm notice 824B dist/formatters.d.ts
npm notice 865B dist/formatters.d.ts.map
npm notice 3.2kB dist/formatters.js
npm notice 4.3kB dist/formatters.js.map
npm notice 294B dist/index.d.ts
npm notice 278B dist/index.d.ts.map
npm notice 292B dist/index.js
npm notice 276B dist/index.js.map
npm notice 725B dist/license.d.ts
npm notice 789B dist/license.d.ts.map
npm notice 1.6kB dist/license.js
npm notice 1.6kB dist/license.js.map
npm notice 300B dist/registry.d.ts
npm notice 382B dist/registry.d.ts.map
npm notice 1.0kB dist/registry.js
npm notice 1.4kB dist/registry.js.map
npm notice 136B dist/subcommands/auth-status.d.ts
npm notice 216B dist/subcommands/auth-status.d.ts.map
npm notice 749B dist/subcommands/auth-status.js
npm notice 716B dist/subcommands/auth-status.js.map
npm notice 582B dist/subcommands/backend-manager.d.ts
npm notice 659B dist/subcommands/backend-manager.d.ts.map
npm notice 186B dist/subcommands/backend-manager.js
npm notice 305B dist/subcommands/backend-manager.js.map
npm notice 302B dist/subcommands/backend-status.d.ts
npm notice 343B dist/subcommands/backend-status.d.ts.map
npm notice 1.2kB dist/subcommands/backend-status.js
npm notice 1.2kB dist/subcommands/backend-status.js.map
npm notice 378B dist/subcommands/backend-switch.d.ts
npm notice 418B dist/subcommands/backend-switch.d.ts.map
npm notice 2.4kB dist/subcommands/backend-switch.js
npm notice 2.1kB dist/subcommands/backend-switch.js.map
npm notice 328B dist/subcommands/delegation-chain-show.d.ts
npm notice 357B dist/subcommands/delegation-chain-show.d.ts.map
npm notice 2.6kB dist/subcommands/delegation-chain-show.js
npm notice 2.7kB dist/subcommands/delegation-chain-show.js.map
npm notice 346B dist/subcommands/delegation-revoke.d.ts
npm notice 385B dist/subcommands/delegation-revoke.d.ts.map
npm notice 2.5kB dist/subcommands/delegation-revoke.js
npm notice 2.1kB dist/subcommands/delegation-revoke.js.map
npm notice 1.1kB dist/subcommands/delegation-store.d.ts
npm notice 1.4kB dist/subcommands/delegation-store.d.ts.map
npm notice 55B dist/subcommands/delegation-store.js
npm notice 139B dist/subcommands/delegation-store.js.map
npm notice 618B dist/subcommands/helpers.d.ts
npm notice 717B dist/subcommands/helpers.d.ts.map
npm notice 1.5kB dist/subcommands/helpers.js
npm notice 2.1kB dist/subcommands/helpers.js.map
npm notice 601B dist/subcommands/index.d.ts
npm notice 483B dist/subcommands/index.d.ts.map
npm notice 599B dist/subcommands/index.js
npm notice 481B dist/subcommands/index.js.map
npm notice 1.3kB dist/subcommands/inspector.d.ts
npm notice 1.3kB dist/subcommands/inspector.d.ts.map
npm notice 989B dist/subcommands/inspector.js
npm notice 1.0kB dist/subcommands/inspector.js.map
npm notice 363B dist/subcommands/mesh-inspect.d.ts
npm notice 405B dist/subcommands/mesh-inspect.d.ts.map
npm notice 2.0kB dist/subcommands/mesh-inspect.js
npm notice 2.0kB dist/subcommands/mesh-inspect.js.map
npm notice 272B dist/subcommands/mesh-route.d.ts
npm notice 332B dist/subcommands/mesh-route.d.ts.map
npm notice 1.8kB dist/subcommands/mesh-route.js
npm notice 1.9kB dist/subcommands/mesh-route.js.map
npm notice 352B dist/subcommands/quota-reset.d.ts
npm notice 408B dist/subcommands/quota-reset.d.ts.map
npm notice 2.2kB dist/subcommands/quota-reset.js
npm notice 1.9kB dist/subcommands/quota-reset.js.map
npm notice 344B dist/subcommands/quota-set.d.ts
npm notice 404B dist/subcommands/quota-set.d.ts.map
npm notice 2.3kB dist/subcommands/quota-set.js
npm notice 2.0kB dist/subcommands/quota-set.js.map
npm notice 272B dist/subcommands/quota-show.d.ts
npm notice 331B dist/subcommands/quota-show.d.ts.map
npm notice 1.2kB dist/subcommands/quota-show.js
npm notice 1.1kB dist/subcommands/quota-show.js.map
npm notice 901B dist/subcommands/quota-store.d.ts
npm notice 939B dist/subcommands/quota-store.d.ts.map
npm notice 282B dist/subcommands/quota-store.js
npm notice 322B dist/subcommands/quota-store.js.map
npm notice 669B dist/subcommands/route-probe.d.ts
npm notice 784B dist/subcommands/route-probe.d.ts.map
npm notice 712B dist/subcommands/route-probe.js
npm notice 736B dist/subcommands/route-probe.js.map
npm notice 1.7kB package.json
npm notice Tarball Details
npm notice name: @orqenix-pro/cli
npm notice version: 0.6.1-phase-6
npm notice filename: orqenix-pro-cli-0.6.1-phase-6.tgz
npm notice package size: 27.5 kB
npm notice unpacked size: 116.5 kB
npm notice shasum: 9a94641450907a3ed68e4632c2d707bb3ee56f74
npm notice integrity: sha512-EMU/9ysJRG4LP[...]Lz+2qojiLFTwQ==
npm notice total files: 109
npm notice
npm notice Publishing to https://registry.npmjs.org/ with tag latest and public access
npm error code E404
npm error 404 Not Found - PUT https://registry.npmjs.org/@orqenix-pro%2fcli - Not found
npm error 404
npm error 404  '@orqenix-pro/cli@0.6.1-phase-6' is not in this registry.
npm error 404
npm error 404 Note that you can also install from a
npm error 404 tarball, folder, http url, or git url.
npm error A complete log of this run can be found in: C:\Users\vnet-1-vm-c1\AppData\Local\npm-cache\_logs\2026-06-11T04_17_18_434Z-debug-0.log
npm warn publish npm auto-corrected some errors in your package.json when publishing.  Please run "npm pkg fix" to address these errors.
npm warn publish errors corrected:
npm warn publish "bin[orqenix]" script name was cleaned
npm notice
npm notice package: @orqenix-pro/cli@0.6.1-phase-6
npm notice Tarball Contents
npm notice 170B CHANGELOG.md
npm notice 179B LICENSE
npm notice 401B README.md
npm notice 932B bin/audit-log-default.mjs
npm notice 1.3kB bin/blast-radius-default.mjs
npm notice 804B bin/delegation-store-default.mjs
npm notice 1.8kB bin/orqenix.mjs
npm notice 1.4kB bin/route-probe-default.mjs
npm notice 744B dist/application.d.ts
npm notice 840B dist/application.d.ts.map
npm notice 4.4kB dist/application.js
npm notice 4.2kB dist/application.js.map
npm notice 805B dist/command.d.ts
npm notice 906B dist/command.d.ts.map
npm notice 46B dist/command.js
npm notice 106B dist/command.js.map
npm notice 1.1kB dist/exit-codes.d.ts
npm notice 902B dist/exit-codes.d.ts.map
npm notice 1.7kB dist/exit-codes.js
npm notice 2.0kB dist/exit-codes.js.map
npm notice 443B dist/flags.d.ts
npm notice 541B dist/flags.d.ts.map
npm notice 2.8kB dist/flags.js
npm notice 3.5kB dist/flags.js.map
npm notice 824B dist/formatters.d.ts
npm notice 865B dist/formatters.d.ts.map
npm notice 3.2kB dist/formatters.js
npm notice 4.3kB dist/formatters.js.map
npm notice 294B dist/index.d.ts
npm notice 278B dist/index.d.ts.map
npm notice 292B dist/index.js
npm notice 276B dist/index.js.map
npm notice 725B dist/license.d.ts
npm notice 789B dist/license.d.ts.map
npm notice 1.6kB dist/license.js
npm notice 1.6kB dist/license.js.map
npm notice 300B dist/registry.d.ts
npm notice 382B dist/registry.d.ts.map
npm notice 1.0kB dist/registry.js
npm notice 1.4kB dist/registry.js.map
npm notice 136B dist/subcommands/auth-status.d.ts
npm notice 216B dist/subcommands/auth-status.d.ts.map
npm notice 749B dist/subcommands/auth-status.js
npm notice 716B dist/subcommands/auth-status.js.map
npm notice 582B dist/subcommands/backend-manager.d.ts
npm notice 659B dist/subcommands/backend-manager.d.ts.map
npm notice 186B dist/subcommands/backend-manager.js
npm notice 305B dist/subcommands/backend-manager.js.map
npm notice 302B dist/subcommands/backend-status.d.ts
npm notice 343B dist/subcommands/backend-status.d.ts.map
npm notice 1.2kB dist/subcommands/backend-status.js
npm notice 1.2kB dist/subcommands/backend-status.js.map
npm notice 378B dist/subcommands/backend-switch.d.ts
npm notice 418B dist/subcommands/backend-switch.d.ts.map
npm notice 2.4kB dist/subcommands/backend-switch.js
npm notice 2.1kB dist/subcommands/backend-switch.js.map
npm notice 328B dist/subcommands/delegation-chain-show.d.ts
npm notice 357B dist/subcommands/delegation-chain-show.d.ts.map
npm notice 2.6kB dist/subcommands/delegation-chain-show.js
npm notice 2.7kB dist/subcommands/delegation-chain-show.js.map
npm notice 346B dist/subcommands/delegation-revoke.d.ts
npm notice 385B dist/subcommands/delegation-revoke.d.ts.map
npm notice 2.5kB dist/subcommands/delegation-revoke.js
npm notice 2.1kB dist/subcommands/delegation-revoke.js.map
npm notice 1.1kB dist/subcommands/delegation-store.d.ts
npm notice 1.4kB dist/subcommands/delegation-store.d.ts.map
npm notice 55B dist/subcommands/delegation-store.js
npm notice 139B dist/subcommands/delegation-store.js.map
npm notice 618B dist/subcommands/helpers.d.ts
npm notice 717B dist/subcommands/helpers.d.ts.map
npm notice 1.5kB dist/subcommands/helpers.js
npm notice 2.1kB dist/subcommands/helpers.js.map
npm notice 601B dist/subcommands/index.d.ts
npm notice 483B dist/subcommands/index.d.ts.map
npm notice 599B dist/subcommands/index.js
npm notice 481B dist/subcommands/index.js.map
npm notice 1.3kB dist/subcommands/inspector.d.ts
npm notice 1.3kB dist/subcommands/inspector.d.ts.map
npm notice 989B dist/subcommands/inspector.js
npm notice 1.0kB dist/subcommands/inspector.js.map
npm notice 363B dist/subcommands/mesh-inspect.d.ts
npm notice 405B dist/subcommands/mesh-inspect.d.ts.map
npm notice 2.0kB dist/subcommands/mesh-inspect.js
npm notice 2.0kB dist/subcommands/mesh-inspect.js.map
npm notice 272B dist/subcommands/mesh-route.d.ts
npm notice 332B dist/subcommands/mesh-route.d.ts.map
npm notice 1.8kB dist/subcommands/mesh-route.js
npm notice 1.9kB dist/subcommands/mesh-route.js.map
npm notice 352B dist/subcommands/quota-reset.d.ts
npm notice 408B dist/subcommands/quota-reset.d.ts.map
npm notice 2.2kB dist/subcommands/quota-reset.js
npm notice 1.9kB dist/subcommands/quota-reset.js.map
npm notice 344B dist/subcommands/quota-set.d.ts
npm notice 404B dist/subcommands/quota-set.d.ts.map
npm notice 2.3kB dist/subcommands/quota-set.js
npm notice 2.0kB dist/subcommands/quota-set.js.map
npm notice 272B dist/subcommands/quota-show.d.ts
npm notice 331B dist/subcommands/quota-show.d.ts.map
npm notice 1.2kB dist/subcommands/quota-show.js
npm notice 1.1kB dist/subcommands/quota-show.js.map
npm notice 901B dist/subcommands/quota-store.d.ts
npm notice 939B dist/subcommands/quota-store.d.ts.map
npm notice 282B dist/subcommands/quota-store.js
npm notice 322B dist/subcommands/quota-store.js.map
npm notice 669B dist/subcommands/route-probe.d.ts
npm notice 784B dist/subcommands/route-probe.d.ts.map
npm notice 712B dist/subcommands/route-probe.js
npm notice 736B dist/subcommands/route-probe.js.map
npm notice 1.7kB package.json
npm notice Tarball Details
npm notice name: @orqenix-pro/cli
npm notice version: 0.6.1-phase-6
npm notice filename: orqenix-pro-cli-0.6.1-phase-6.tgz
npm notice package size: 26.8 kB
npm notice unpacked size: 116.5 kB
npm notice shasum: 4e16a5b5bfa18240359b5e67115705c95640e22b
npm notice integrity: sha512-FqfVvouNbv5jv[...]Cb+VoS1DwHsTA==
npm notice total files: 109
npm notice
npm notice Publishing to https://registry.npmjs.org/ with tag latest and public access
+ @orqenix-pro/cli@0.6.1-phase-6
