
> @orqenix-pro/license@0.4.0-phase-4 build C:\Users\vnet-1-vm-c1\Documents\GitHub\Orqenix-Pro\packages\license
> tsup src/index.ts --format esm --dts --clean

[34mCLI[39m Building entry: src/index.ts
[34mCLI[39m Using tsconfig: tsconfig.json
[34mCLI[39m tsup v8.5.1
[34mCLI[39m Target: es2022
[34mCLI[39m Cleaning output folder
[34mESM[39m Build start
[32mESM[39m [1mdist\index.js [22m[32m4.96 KB[39m
[32mESM[39m G‹Ìn+≈ Build success in 104ms
[34mDTS[39m Build start
[32mDTS[39m G‹Ìn+≈ Build success in 1136ms
[32mDTS[39m [1mdist\index.d.ts [22m[32m1.88 KB[39m
npm notice
npm notice package: @orqenix-pro/license@0.4.0-phase-4
npm notice Tarball Contents
npm notice 226B CHANGELOG.md
npm notice 1.3kB LICENSE
npm notice 496B README.md
npm notice 1.9kB dist/index.d.ts
npm notice 5.1kB dist/index.js
npm notice 1.5kB package.json
npm notice Tarball Details
npm notice name: @orqenix-pro/license
npm notice version: 0.4.0-phase-4
npm notice filename: orqenix-pro-license-0.4.0-phase-4.tgz
npm notice package size: 3.9 kB
npm notice unpacked size: 10.5 kB
npm notice shasum: 8b818dda6b84eb76a3b296916cc8cea00698f0ff
npm notice integrity: sha512-Vgvrx8EcT5z2G[...]W90X0q+JSAsTA==
npm notice total files: 6
npm notice
orqenix-pro-license-0.4.0-phase-4.tgz
npm notice
npm notice package: @orqenix-pro/license@0.4.0-phase-4
npm notice Tarball Contents
npm notice 226B CHANGELOG.md
npm notice 1.3kB LICENSE
npm notice 496B README.md
npm notice 1.9kB dist/index.d.ts
npm notice 5.1kB dist/index.js
npm notice 1.5kB package.json
npm notice Tarball Details
npm notice name: @orqenix-pro/license
npm notice version: 0.4.0-phase-4
npm notice filename: orqenix-pro-license-0.4.0-phase-4.tgz
npm notice package size: 3.9 kB
npm notice unpacked size: 10.5 kB
npm notice shasum: 8b818dda6b84eb76a3b296916cc8cea00698f0ff
npm notice integrity: sha512-Vgvrx8EcT5z2G[...]W90X0q+JSAsTA==
npm notice total files: 6
npm notice
npm notice Publishing to https://registry.npmjs.org/ with tag latest and public access
npm error code EUSAGE
npm error Automatic provenance generation not supported for provider: null
npm error A complete log of this run can be found in: C:\Users\vnet-1-vm-c1\AppData\Local\npm-cache\_logs\2026-06-10T08_18_13_658Z-debug-0.log
npm notice
npm notice package: @orqenix-pro/license@0.4.0-phase-4
npm notice Tarball Contents
npm notice 226B CHANGELOG.md
npm notice 1.3kB LICENSE
npm notice 496B README.md
npm notice 1.9kB dist/index.d.ts
npm notice 5.1kB dist/index.js
npm notice 1.5kB package.json
npm notice Tarball Details
npm notice name: @orqenix-pro/license
npm notice version: 0.4.0-phase-4
npm notice filename: orqenix-pro-license-0.4.0-phase-4.tgz
npm notice package size: 3.9 kB
npm notice unpacked size: 10.5 kB
npm notice shasum: 88aa948f48e4351f112852f5a04c1e6c44e8fa68
npm notice integrity: sha512-etb60hGv6Yn3C[...]pkzLRALmbB1xw==
npm notice total files: 6
npm notice
npm notice Publishing to https://registry.npmjs.org/ with tag latest and public access
npm error code E404
npm error 404 Not Found - PUT https://registry.npmjs.org/@orqenix-pro%2flicense - Not found
npm error 404
npm error 404  '@orqenix-pro/license@0.4.0-phase-4' is not in this registry.
npm error 404
npm error 404 Note that you can also install from a
npm error 404 tarball, folder, http url, or git url.
npm error A complete log of this run can be found in: C:\Users\vnet-1-vm-c1\AppData\Local\npm-cache\_logs\2026-06-10T08_18_53_043Z-debug-0.log
npm notice
npm notice package: @orqenix-pro/license@0.4.0-phase-4
npm notice Tarball Contents
npm notice 226B CHANGELOG.md
npm notice 1.3kB LICENSE
npm notice 496B README.md
npm notice 1.9kB dist/index.d.ts
npm notice 5.1kB dist/index.js
npm notice 1.5kB package.json
npm notice Tarball Details
npm notice name: @orqenix-pro/license
npm notice version: 0.4.0-phase-4
npm notice filename: orqenix-pro-license-0.4.0-phase-4.tgz
npm notice package size: 3.9 kB
npm notice unpacked size: 10.5 kB
npm notice shasum: 88aa948f48e4351f112852f5a04c1e6c44e8fa68
npm notice integrity: sha512-etb60hGv6Yn3C[...]pkzLRALmbB1xw==
npm notice total files: 6
npm notice
npm notice Publishing to https://registry.npmjs.org/ with tag latest and public access
+ @orqenix-pro/license@0.4.0-phase-4
